Using pre-set license
Built from '2022.3/staging' branch; Version is '2022.3.10f1 (ff3792e53c62) revision 16725906'; Using compiler version '192829333'; Build Type 'Release'
OS: 'Windows 10  (10.0.19045) 64bit Core' Language: 'en' Physical Memory: 16085 MB
BatchMode: 1, IsHumanControllingUs: 0, StartBugReporterOnCrash: 0, Is64bit: 1, IsPro: 1

COMMAND LINE ARGUMENTS:
C:\Program Files\Unity\Hub\Editor\2022.3.10f1\Editor\Unity.exe
-adb2
-batchMode
-noUpm
-name
AssetImportWorker0
-projectPath
C:/Users/mm620/Documents/GitHub/RTS-demo/demo
-logFile
Logs/AssetImportWorker0.log
-srvPort
58347
Successfully changed project path to: C:/Users/mm620/Documents/GitHub/RTS-demo/demo
C:/Users/mm620/Documents/GitHub/RTS-demo/demo
[UnityMemory] Configuration Parameters - Can be set up in boot.config
    "memorysetup-bucket-allocator-granularity=16"
    "memorysetup-bucket-allocator-bucket-count=8"
    "memorysetup-bucket-allocator-block-size=33554432"
    "memorysetup-bucket-allocator-block-count=8"
    "memorysetup-main-allocator-block-size=16777216"
    "memorysetup-thread-allocator-block-size=16777216"
    "memorysetup-gfx-main-allocator-block-size=16777216"
    "memorysetup-gfx-thread-allocator-block-size=16777216"
    "memorysetup-cache-allocator-block-size=4194304"
    "memorysetup-typetree-allocator-block-size=2097152"
    "memorysetup-profiler-bucket-allocator-granularity=16"
    "memorysetup-profiler-bucket-allocator-bucket-count=8"
    "memorysetup-profiler-bucket-allocator-block-size=33554432"
    "memorysetup-profiler-bucket-allocator-block-count=8"
    "memorysetup-profiler-allocator-block-size=16777216"
    "memorysetup-profiler-editor-allocator-block-size=1048576"
    "memorysetup-temp-allocator-size-main=16777216"
    "memorysetup-job-temp-allocator-block-size=2097152"
    "memorysetup-job-temp-allocator-block-size-background=1048576"
    "memorysetup-job-temp-allocator-reduction-small-platforms=262144"
    "memorysetup-allocator-temp-initial-block-size-main=262144"
    "memorysetup-allocator-temp-initial-block-size-worker=262144"
    "memorysetup-temp-allocator-size-background-worker=32768"
    "memorysetup-temp-allocator-size-job-worker=262144"
    "memorysetup-temp-allocator-size-preload-manager=33554432"
    "memorysetup-temp-allocator-size-nav-mesh-worker=65536"
    "memorysetup-temp-allocator-size-audio-worker=65536"
    "memorysetup-temp-allocator-size-cloud-worker=32768"
    "memorysetup-temp-allocator-size-gi-baking-worker=262144"
    "memorysetup-temp-allocator-size-gfx=262144"
Player connection [12588] Host "[IP] 192.168.56.1 [Port] 0 [Flags] 2 [Guid] 203093702 [EditorId] 203093702 [Version] 1048832 [Id] WindowsEditor(7,DESKTOP-EM54VM1) [Debug] 1 [PackageName] WindowsEditor [ProjectName] Editor" joined multi-casting on [225.0.0.222:54997]...

Player connection [12588] Host "[IP] 192.168.56.1 [Port] 0 [Flags] 2 [Guid] 203093702 [EditorId] 203093702 [Version] 1048832 [Id] WindowsEditor(7,DESKTOP-EM54VM1) [Debug] 1 [PackageName] WindowsEditor [ProjectName] Editor" joined alternative multi-casting on [225.0.0.222:34997]...

[Physics::Module] Initialized MultithreadedJobDispatcher with 11 workers.
Refreshing native plugins compatible for Editor in 12.60 ms, found 4 plugins.
Preloading 0 native plugins for Editor in 0.00 ms.
Initialize engine version: 2022.3.10f1 (ff3792e53c62)
[Subsystems] Discovering subsystems at path C:/Program Files/Unity/Hub/Editor/2022.3.10f1/Editor/Data/Resources/UnitySubsystems
[Subsystems] Discovering subsystems at path C:/Users/mm620/Documents/GitHub/RTS-demo/demo/Assets
GfxDevice: creating device client; threaded=0; jobified=0
Direct3D:
    Version:  Direct3D 11.0 [level 11.1]
    Renderer: NVIDIA GeForce RTX 3050 Ti Laptop GPU (ID=0x25a0)
    Vendor:   NVIDIA
    VRAM:     3965 MB
    Driver:   32.0.15.6636
Initialize mono
Mono path[0] = 'C:/Program Files/Unity/Hub/Editor/2022.3.10f1/Editor/Data/Managed'
Mono path[1] = 'C:/Program Files/Unity/Hub/Editor/2022.3.10f1/Editor/Data/MonoBleedingEdge/lib/mono/unityjit-win32'
Mono config path = 'C:/Program Files/Unity/Hub/Editor/2022.3.10f1/Editor/Data/MonoBleedingEdge/etc'
Using monoOptions --debugger-agent=transport=dt_socket,embedding=1,server=y,suspend=n,address=127.0.0.1:56536
Begin MonoManager ReloadAssembly
Registering precompiled unity dll's ...
Register platform support module: C:/Program Files/Unity/Hub/Editor/2022.3.10f1/Editor/Data/PlaybackEngines/AndroidPlayer/UnityEditor.Android.Extensions.dll
Register platform support module: C:/Program Files/Unity/Hub/Editor/2022.3.10f1/Editor/Data/PlaybackEngines/WindowsStandaloneSupport/UnityEditor.WindowsStandalone.Extensions.dll
Registered in 0.010118 seconds.
- Loaded All Assemblies, in  0.323 seconds
Native extension for WindowsStandalone target not found
Native extension for Android target not found
Android Extension - Scanning For ADB Devices 208 ms
Mono: successfully reloaded assembly
- Finished resetting the current domain, in  0.495 seconds
Domain Reload Profiling: 817ms
	BeginReloadAssembly (95ms)
		ExecutionOrderSort (0ms)
		DisableScriptedObjects (0ms)
		BackupInstance (0ms)
		ReleaseScriptingObjects (0ms)
		CreateAndSetChildDomain (1ms)
	RebuildCommonClasses (29ms)
	RebuildNativeTypeToScriptingClass (8ms)
	initialDomainReloadingComplete (54ms)
	LoadAllAssembliesAndSetupDomain (135ms)
		LoadAssemblies (93ms)
		RebuildTransferFunctionScriptingTraits (0ms)
		AnalyzeDomain (133ms)
			TypeCache.Refresh (131ms)
				TypeCache.ScanAssembly (120ms)
			ScanForSourceGeneratedMonoScriptInfo (0ms)
			ResolveRequiredComponents (0ms)
	FinalizeReload (496ms)
		ReleaseScriptCaches (0ms)
		RebuildScriptCaches (0ms)
		SetupLoadedEditorAssemblies (446ms)
			LogAssemblyErrors (0ms)
			InitializePlatformSupportModulesInManaged (313ms)
			SetLoadedEditorAssemblies (3ms)
			RefreshPlugins (0ms)
			BeforeProcessingInitializeOnLoad (2ms)
			ProcessInitializeOnLoadAttributes (88ms)
			ProcessInitializeOnLoadMethodAttributes (40ms)
			AfterProcessingInitializeOnLoad (0ms)
			EditorAssembliesLoaded (0ms)
		ExecutionOrderSort2 (0ms)
		AwakeInstancesAfterBackupRestoration (0ms)
========================================================================
Worker process is ready to serve import requests
Begin MonoManager ReloadAssembly
- Loaded All Assemblies, in  0.617 seconds
Refreshing native plugins compatible for Editor in 8.95 ms, found 4 plugins.
Native extension for WindowsStandalone target not found
Native extension for Android target not found
Package Manager log level set to [2]
[Package Manager] Server::EnsureServerProcessIsRunning -- launch failed, reason: Unity was launched with the -noUpm command-line argument
[Package Manager] UpmClient::Send -- Unable to send message (not connected to UPM process).
[Package Manager] Cannot connect to Unity Package Manager local server
Mono: successfully reloaded assembly
[Package Manager] Server::EnsureServerProcessIsRunning -- launch failed, reason: Unity was launched with the -noUpm command-line argument
[Package Manager] UpmClient::Send -- Unable to send message (not connected to UPM process).
[Package Manager] Cannot connect to Unity Package Manager local server
[Package Manager] Server::EnsureServerProcessIsRunning -- launch failed, reason: Unity was launched with the -noUpm command-line argument
[Package Manager] UpmClient::Send -- Unable to send message (not connected to UPM process).
[Package Manager] Cannot connect to Unity Package Manager local server
- Finished resetting the current domain, in  0.731 seconds
Domain Reload Profiling: 1341ms
	BeginReloadAssembly (133ms)
		ExecutionOrderSort (0ms)
		DisableScriptedObjects (5ms)
		BackupInstance (0ms)
		ReleaseScriptingObjects (0ms)
		CreateAndSetChildDomain (19ms)
	RebuildCommonClasses (28ms)
	RebuildNativeTypeToScriptingClass (9ms)
	initialDomainReloadingComplete (38ms)
	LoadAllAssembliesAndSetupDomain (401ms)
		LoadAssemblies (295ms)
		RebuildTransferFunctionScriptingTraits (0ms)
		AnalyzeDomain (182ms)
			TypeCache.Refresh (148ms)
				TypeCache.ScanAssembly (131ms)
			ScanForSourceGeneratedMonoScriptInfo (27ms)
			ResolveRequiredComponents (5ms)
	FinalizeReload (732ms)
		ReleaseScriptCaches (0ms)
		RebuildScriptCaches (0ms)
		SetupLoadedEditorAssemblies (562ms)
			LogAssemblyErrors (0ms)
			InitializePlatformSupportModulesInManaged (25ms)
			SetLoadedEditorAssemblies (5ms)
			RefreshPlugins (0ms)
			BeforeProcessingInitializeOnLoad (78ms)
			ProcessInitializeOnLoadAttributes (411ms)
			ProcessInitializeOnLoadMethodAttributes (36ms)
			AfterProcessingInitializeOnLoad (8ms)
			EditorAssembliesLoaded (0ms)
		ExecutionOrderSort2 (0ms)
		AwakeInstancesAfterBackupRestoration (6ms)
Launched and connected shader compiler UnityShaderCompiler.exe after 0.03 seconds
Refreshing native plugins compatible for Editor in 8.13 ms, found 4 plugins.
Preloading 0 native plugins for Editor in 0.00 ms.
Unloading 4416 Unused Serialized files (Serialized files now loaded: 0)
Unloading 79 unused Assets / (68.6 KB). Loaded Objects now: 4866.
Memory consumption went from 150.4 MB to 150.3 MB.
Total: 4.089500 ms (FindLiveObjects: 0.326200 ms CreateObjectMapping: 0.142400 ms MarkObjects: 3.466900 ms  DeleteObjects: 0.152600 ms)

AssetImportParameters requested are different than current active one (requested -> active):
  custom:container-demuxer-ogg: 62fdf1f143b41e24485cea50d1cbac27 -> 
  custom:video-decoder-ogg-theora: a1e56fd34408186e4bbccfd4996cb3dc -> 
  custom:framework-win-MediaFoundation: 216162199b28c13a410421893ffa2e32 -> 
  custom:CustomObjectIndexerAttribute: 756ad292c208cfabdd7b50bc23989ffe -> 
  custom:container-demuxer-webm: 4f35f7cbe854078d1ac9338744f61a02 -> 
  custom:container-muxer-webm: aa71ff27fc2769a1b78a27578f13a17b -> 
  custom:video-decoder-webm-vp8: 9c59270c3fd7afecdb556c50c9e8de78 -> 
  custom:SearchIndexIgnoredProperties: e643bd26f0fe6173181afceb89e7c659 -> 
  custom:AudioImporter_EditorPlatform: d09bf68614088b80899f8185d706f6e7 -> 
  custom:video-encoder-webm-vp8: eb34c28f22e8b96e1ab97ce403110664 -> 
  custom:audio-decoder-ogg-vorbis: bf7c407c2cedff20999df2af8eb42d56 -> 
  custom:audio-encoder-webm-vorbis: bf7c407c2cedff20999df2af8eb42d56 -> 
========================================================================
Received Import Request.
  Time since last request: 683755.184727 seconds.
  path: Assets/Scripts/UnitBasic.cs
  artifactKey: Guid(dcb4fdb65f7b3f9419965d9228a330df) Importer(815301076,1909f56bfc062723c751e8b465ee728b)
Start importing Assets/Scripts/UnitBasic.cs using Guid(dcb4fdb65f7b3f9419965d9228a330df) Importer(815301076,1909f56bfc062723c751e8b465ee728b)  -> (artifact id: 'b22a743e90ee0cb7df12ba49f59cbe1c') in 0.003156 seconds
Number of updated asset objects reloaded before import = 0
Number of asset objects unloaded after import = 0
========================================================================
Received Prepare
Begin MonoManager ReloadAssembly
- Loaded All Assemblies, in  0.475 seconds
Refreshing native plugins compatible for Editor in 7.58 ms, found 4 plugins.
Native extension for WindowsStandalone target not found
Native extension for Android target not found
[Package Manager] Server::EnsureServerProcessIsRunning -- launch failed, reason: Unity was launched with the -noUpm command-line argument
[Package Manager] UpmClient::Send -- Unable to send message (not connected to UPM process).
[Package Manager] Cannot connect to Unity Package Manager local server
Mono: successfully reloaded assembly
[Package Manager] Server::EnsureServerProcessIsRunning -- launch failed, reason: Unity was launched with the -noUpm command-line argument
[Package Manager] UpmClient::Send -- Unable to send message (not connected to UPM process).
[Package Manager] Cannot connect to Unity Package Manager local server
- Finished resetting the current domain, in  1.088 seconds
Domain Reload Profiling: 1558ms
	BeginReloadAssembly (161ms)
		ExecutionOrderSort (0ms)
		DisableScriptedObjects (12ms)
		BackupInstance (0ms)
		ReleaseScriptingObjects (0ms)
		CreateAndSetChildDomain (37ms)
	RebuildCommonClasses (30ms)
	RebuildNativeTypeToScriptingClass (14ms)
	initialDomainReloadingComplete (29ms)
	LoadAllAssembliesAndSetupDomain (235ms)
		LoadAssemblies (289ms)
		RebuildTransferFunctionScriptingTraits (0ms)
		AnalyzeDomain (27ms)
			TypeCache.Refresh (10ms)
				TypeCache.ScanAssembly (0ms)
			ScanForSourceGeneratedMonoScriptInfo (11ms)
			ResolveRequiredComponents (5ms)
	FinalizeReload (1089ms)
		ReleaseScriptCaches (0ms)
		RebuildScriptCaches (0ms)
		SetupLoadedEditorAssemblies (496ms)
			LogAssemblyErrors (0ms)
			InitializePlatformSupportModulesInManaged (23ms)
			SetLoadedEditorAssemblies (3ms)
			RefreshPlugins (0ms)
			BeforeProcessingInitializeOnLoad (75ms)
			ProcessInitializeOnLoadAttributes (360ms)
			ProcessInitializeOnLoadMethodAttributes (26ms)
			AfterProcessingInitializeOnLoad (9ms)
			EditorAssembliesLoaded (0ms)
		ExecutionOrderSort2 (0ms)
		AwakeInstancesAfterBackupRestoration (13ms)
Refreshing native plugins compatible for Editor in 7.33 ms, found 4 plugins.
Preloading 0 native plugins for Editor in 0.00 ms.
Unloading 4403 Unused Serialized files (Serialized files now loaded: 0)
Unloading 51 unused Assets / (42.5 KB). Loaded Objects now: 4871.
Memory consumption went from 146.0 MB to 146.0 MB.
Total: 3.608100 ms (FindLiveObjects: 0.315800 ms CreateObjectMapping: 0.118900 ms MarkObjects: 3.096400 ms  DeleteObjects: 0.075800 ms)

Prepare: number of updated asset objects reloaded= 0
AssetImportParameters requested are different than current active one (requested -> active):
  custom:container-demuxer-ogg: 62fdf1f143b41e24485cea50d1cbac27 -> 
  custom:video-decoder-ogg-theora: a1e56fd34408186e4bbccfd4996cb3dc -> 
  custom:framework-win-MediaFoundation: 216162199b28c13a410421893ffa2e32 -> 
  custom:CustomObjectIndexerAttribute: 756ad292c208cfabdd7b50bc23989ffe -> 
  custom:container-demuxer-webm: 4f35f7cbe854078d1ac9338744f61a02 -> 
  custom:container-muxer-webm: aa71ff27fc2769a1b78a27578f13a17b -> 
  custom:video-decoder-webm-vp8: 9c59270c3fd7afecdb556c50c9e8de78 -> 
  custom:SearchIndexIgnoredProperties: e643bd26f0fe6173181afceb89e7c659 -> 
  custom:AudioImporter_EditorPlatform: d09bf68614088b80899f8185d706f6e7 -> 
  custom:video-encoder-webm-vp8: eb34c28f22e8b96e1ab97ce403110664 -> 
  custom:audio-decoder-ogg-vorbis: bf7c407c2cedff20999df2af8eb42d56 -> 
  custom:audio-encoder-webm-vorbis: bf7c407c2cedff20999df2af8eb42d56 -> 
========================================================================
Received Prepare
Begin MonoManager ReloadAssembly
- Loaded All Assemblies, in  0.457 seconds
Refreshing native plugins compatible for Editor in 7.52 ms, found 4 plugins.
Native extension for WindowsStandalone target not found
Native extension for Android target not found
[Package Manager] Server::EnsureServerProcessIsRunning -- launch failed, reason: Unity was launched with the -noUpm command-line argument
[Package Manager] UpmClient::Send -- Unable to send message (not connected to UPM process).
[Package Manager] Cannot connect to Unity Package Manager local server
Mono: successfully reloaded assembly
[Package Manager] Server::EnsureServerProcessIsRunning -- launch failed, reason: Unity was launched with the -noUpm command-line argument
[Package Manager] UpmClient::Send -- Unable to send message (not connected to UPM process).
[Package Manager] Cannot connect to Unity Package Manager local server
- Finished resetting the current domain, in  1.557 seconds
Domain Reload Profiling: 2010ms
	BeginReloadAssembly (154ms)
		ExecutionOrderSort (0ms)
		DisableScriptedObjects (10ms)
		BackupInstance (0ms)
		ReleaseScriptingObjects (0ms)
		CreateAndSetChildDomain (35ms)
	RebuildCommonClasses (29ms)
	RebuildNativeTypeToScriptingClass (11ms)
	initialDomainReloadingComplete (32ms)
	LoadAllAssembliesAndSetupDomain (226ms)
		LoadAssemblies (295ms)
		RebuildTransferFunctionScriptingTraits (0ms)
		AnalyzeDomain (11ms)
			TypeCache.Refresh (6ms)
				TypeCache.ScanAssembly (0ms)
			ScanForSourceGeneratedMonoScriptInfo (0ms)
			ResolveRequiredComponents (4ms)
	FinalizeReload (1559ms)
		ReleaseScriptCaches (0ms)
		RebuildScriptCaches (0ms)
		SetupLoadedEditorAssemblies (814ms)
			LogAssemblyErrors (0ms)
			InitializePlatformSupportModulesInManaged (40ms)
			SetLoadedEditorAssemblies (5ms)
			RefreshPlugins (0ms)
			BeforeProcessingInitializeOnLoad (125ms)
			ProcessInitializeOnLoadAttributes (586ms)
			ProcessInitializeOnLoadMethodAttributes (44ms)
			AfterProcessingInitializeOnLoad (14ms)
			EditorAssembliesLoaded (0ms)
		ExecutionOrderSort2 (0ms)
		AwakeInstancesAfterBackupRestoration (20ms)
Refreshing native plugins compatible for Editor in 12.71 ms, found 4 plugins.
Preloading 0 native plugins for Editor in 0.00 ms.
Unloading 4404 Unused Serialized files (Serialized files now loaded: 0)
Unloading 51 unused Assets / (42.5 KB). Loaded Objects now: 4875.
Memory consumption went from 146.3 MB to 146.2 MB.
Total: 6.071400 ms (FindLiveObjects: 0.841900 ms CreateObjectMapping: 0.363600 ms MarkObjects: 4.774900 ms  DeleteObjects: 0.089800 ms)

Prepare: number of updated asset objects reloaded= 0
AssetImportParameters requested are different than current active one (requested -> active):
  custom:container-demuxer-ogg: 62fdf1f143b41e24485cea50d1cbac27 -> 
  custom:video-decoder-ogg-theora: a1e56fd34408186e4bbccfd4996cb3dc -> 
  custom:framework-win-MediaFoundation: 216162199b28c13a410421893ffa2e32 -> 
  custom:CustomObjectIndexerAttribute: 756ad292c208cfabdd7b50bc23989ffe -> 
  custom:container-demuxer-webm: 4f35f7cbe854078d1ac9338744f61a02 -> 
  custom:container-muxer-webm: aa71ff27fc2769a1b78a27578f13a17b -> 
  custom:video-decoder-webm-vp8: 9c59270c3fd7afecdb556c50c9e8de78 -> 
  custom:SearchIndexIgnoredProperties: e643bd26f0fe6173181afceb89e7c659 -> 
  custom:AudioImporter_EditorPlatform: d09bf68614088b80899f8185d706f6e7 -> 
  custom:video-encoder-webm-vp8: eb34c28f22e8b96e1ab97ce403110664 -> 
  custom:audio-decoder-ogg-vorbis: bf7c407c2cedff20999df2af8eb42d56 -> 
  custom:audio-encoder-webm-vorbis: bf7c407c2cedff20999df2af8eb42d56 -> 
========================================================================
Received Prepare
Begin MonoManager ReloadAssembly
- Loaded All Assemblies, in  0.740 seconds
Refreshing native plugins compatible for Editor in 8.95 ms, found 4 plugins.
Native extension for WindowsStandalone target not found
Native extension for Android target not found
[Package Manager] Server::EnsureServerProcessIsRunning -- launch failed, reason: Unity was launched with the -noUpm command-line argument
[Package Manager] UpmClient::Send -- Unable to send message (not connected to UPM process).
[Package Manager] Cannot connect to Unity Package Manager local server
Mono: successfully reloaded assembly
[Package Manager] Server::EnsureServerProcessIsRunning -- launch failed, reason: Unity was launched with the -noUpm command-line argument
[Package Manager] UpmClient::Send -- Unable to send message (not connected to UPM process).
[Package Manager] Cannot connect to Unity Package Manager local server
- Finished resetting the current domain, in  1.495 seconds
Domain Reload Profiling: 2229ms
	BeginReloadAssembly (186ms)
		ExecutionOrderSort (0ms)
		DisableScriptedObjects (11ms)
		BackupInstance (0ms)
		ReleaseScriptingObjects (0ms)
		CreateAndSetChildDomain (40ms)
	RebuildCommonClasses (39ms)
	RebuildNativeTypeToScriptingClass (16ms)
	initialDomainReloadingComplete (42ms)
	LoadAllAssembliesAndSetupDomain (450ms)
		LoadAssemblies (437ms)
		RebuildTransferFunctionScriptingTraits (0ms)
		AnalyzeDomain (116ms)
			TypeCache.Refresh (91ms)
				TypeCache.ScanAssembly (78ms)
			ScanForSourceGeneratedMonoScriptInfo (19ms)
			ResolveRequiredComponents (5ms)
	FinalizeReload (1495ms)
		ReleaseScriptCaches (0ms)
		RebuildScriptCaches (0ms)
		SetupLoadedEditorAssemblies (723ms)
			LogAssemblyErrors (0ms)
			InitializePlatformSupportModulesInManaged (62ms)
			SetLoadedEditorAssemblies (5ms)
			RefreshPlugins (0ms)
			BeforeProcessingInitializeOnLoad (130ms)
			ProcessInitializeOnLoadAttributes (483ms)
			ProcessInitializeOnLoadMethodAttributes (32ms)
			AfterProcessingInitializeOnLoad (10ms)
			EditorAssembliesLoaded (0ms)
		ExecutionOrderSort2 (0ms)
		AwakeInstancesAfterBackupRestoration (13ms)
Refreshing native plugins compatible for Editor in 10.01 ms, found 4 plugins.
Preloading 0 native plugins for Editor in 0.00 ms.
Unloading 4540 Unused Serialized files (Serialized files now loaded: 0)
Unloading 56 unused Assets / (361.4 KB). Loaded Objects now: 5011.
Memory consumption went from 150.5 MB to 150.1 MB.
Total: 5.780700 ms (FindLiveObjects: 0.537200 ms CreateObjectMapping: 0.278300 ms MarkObjects: 4.593300 ms  DeleteObjects: 0.370100 ms)

Prepare: number of updated asset objects reloaded= 0
AssetImportParameters requested are different than current active one (requested -> active):
  custom:container-demuxer-ogg: 62fdf1f143b41e24485cea50d1cbac27 -> 
  custom:video-decoder-ogg-theora: a1e56fd34408186e4bbccfd4996cb3dc -> 
  custom:framework-win-MediaFoundation: 216162199b28c13a410421893ffa2e32 -> 
  custom:CustomObjectIndexerAttribute: 756ad292c208cfabdd7b50bc23989ffe -> 
  custom:container-demuxer-webm: 4f35f7cbe854078d1ac9338744f61a02 -> 
  custom:container-muxer-webm: aa71ff27fc2769a1b78a27578f13a17b -> 
  custom:video-decoder-webm-vp8: 9c59270c3fd7afecdb556c50c9e8de78 -> 
  custom:SearchIndexIgnoredProperties: e643bd26f0fe6173181afceb89e7c659 -> 
  custom:AudioImporter_EditorPlatform: d09bf68614088b80899f8185d706f6e7 -> 
  custom:video-encoder-webm-vp8: eb34c28f22e8b96e1ab97ce403110664 -> 
  custom:audio-decoder-ogg-vorbis: bf7c407c2cedff20999df2af8eb42d56 -> 
  custom:audio-encoder-webm-vorbis: bf7c407c2cedff20999df2af8eb42d56 -> 
========================================================================
Received Import Request.
  Time since last request: 1113.111003 seconds.
  path: Assets/AstarPathfindingProject
  artifactKey: Guid(6942e1e80e8b54fde9147e843f1bec4f) Importer(815301076,1909f56bfc062723c751e8b465ee728b)
Start importing Assets/AstarPathfindingProject using Guid(6942e1e80e8b54fde9147e843f1bec4f) Importer(815301076,1909f56bfc062723c751e8b465ee728b)  -> (artifact id: '696d5752a4bc17f8221abb826e80522d') in 0.001996 seconds
Number of updated asset objects reloaded before import = 0
Number of asset objects unloaded after import = 0
========================================================================
Received Import Request.
  Time since last request: 0.159638 seconds.
  path: Assets/AstarPathfindingProject/AstarPathfindingProject.asmdef
  artifactKey: Guid(efa45043feb7e4147a305b73b5cea642) Importer(815301076,1909f56bfc062723c751e8b465ee728b)
Start importing Assets/AstarPathfindingProject/AstarPathfindingProject.asmdef using Guid(efa45043feb7e4147a305b73b5cea642) Importer(815301076,1909f56bfc062723c751e8b465ee728b)  -> (artifact id: 'a088ed0484e1748c7574dd164547f992') in 0.000592 seconds
Number of updated asset objects reloaded before import = 0
Number of asset objects unloaded after import = 0
========================================================================
Received Import Request.
  Time since last request: 8.853090 seconds.
  path: Assets/AstarPathfindingProject/Navmesh
  artifactKey: Guid(08b14213ddd0742ea8d58aa4eaa639de) Importer(815301076,1909f56bfc062723c751e8b465ee728b)
Start importing Assets/AstarPathfindingProject/Navmesh using Guid(08b14213ddd0742ea8d58aa4eaa639de) Importer(815301076,1909f56bfc062723c751e8b465ee728b)  -> (artifact id: '5d20d4e57164ce75a860f3b5c7ad75d9') in 0.000507 seconds
Number of updated asset objects reloaded before import = 0
Number of asset objects unloaded after import = 0
========================================================================
Received Import Request.
  Time since last request: 5.095934 seconds.
  path: Assets/AstarPathfindingProject/Core
  artifactKey: Guid(b6b8abb917bca4ce0ad1b26452b3c58d) Importer(815301076,1909f56bfc062723c751e8b465ee728b)
Start importing Assets/AstarPathfindingProject/Core using Guid(b6b8abb917bca4ce0ad1b26452b3c58d) Importer(815301076,1909f56bfc062723c751e8b465ee728b)  -> (artifact id: 'b05333b5afc99326741bd93e86e17366') in 0.000469 seconds
Number of updated asset objects reloaded before import = 0
Number of asset objects unloaded after import = 0
========================================================================
Received Import Request.
  Time since last request: 0.420474 seconds.
  path: Assets/AstarPathfindingProject/Documentation
  artifactKey: Guid(2bd84edb620a9b51094b9d533b8d8020) Importer(815301076,1909f56bfc062723c751e8b465ee728b)
Start importing Assets/AstarPathfindingProject/Documentation using Guid(2bd84edb620a9b51094b9d533b8d8020) Importer(815301076,1909f56bfc062723c751e8b465ee728b)  -> (artifact id: '0d36ccf6c54d261a2900e5b3e1213997') in 0.000570 seconds
Number of updated asset objects reloaded before import = 0
Number of asset objects unloaded after import = 0
========================================================================
Received Import Request.
  Time since last request: 2.072514 seconds.
  path: Assets/AstarPathfindingProject/Documentation/documentation.pdf
  artifactKey: Guid(3b746da7b40c860c894ce656f273a7de) Importer(815301076,1909f56bfc062723c751e8b465ee728b)
Start importing Assets/AstarPathfindingProject/Documentation/documentation.pdf using Guid(3b746da7b40c860c894ce656f273a7de) Importer(815301076,1909f56bfc062723c751e8b465ee728b)  -> (artifact id: '9e43629eed344fb5c77dc7debab86416') in 0.010844 seconds
Number of updated asset objects reloaded before import = 0
Number of asset objects unloaded after import = 1
========================================================================
Received Import Request.
  Time since last request: 46.613633 seconds.
  path: Assets/AstarPathfindingProject/Pathfinders
  artifactKey: Guid(fc074eb9c6f334cef80f820fcc2b1134) Importer(815301076,1909f56bfc062723c751e8b465ee728b)
Start importing Assets/AstarPathfindingProject/Pathfinders using Guid(fc074eb9c6f334cef80f820fcc2b1134) Importer(815301076,1909f56bfc062723c751e8b465ee728b)  -> (artifact id: '4748d0ffcf98a1eeb2bea637ce06a315') in 0.000591 seconds
Number of updated asset objects reloaded before import = 0
Number of asset objects unloaded after import = 0
========================================================================
Received Import Request.
  Time since last request: 2.618570 seconds.
  path: Assets/AstarPathfindingProject/Generators
  artifactKey: Guid(0b5c7343a4f8045ea900c91ce9bdd4c9) Importer(815301076,1909f56bfc062723c751e8b465ee728b)
Start importing Assets/AstarPathfindingProject/Generators using Guid(0b5c7343a4f8045ea900c91ce9bdd4c9) Importer(815301076,1909f56bfc062723c751e8b465ee728b)  -> (artifact id: '93e60001edf3e8389e1cb4752dd0b492') in 0.000467 seconds
Number of updated asset objects reloaded before import = 0
Number of asset objects unloaded after import = 0
========================================================================
Received Import Request.
  Time since last request: 0.522454 seconds.
  path: Assets/AstarPathfindingProject/ExampleScenes
  artifactKey: Guid(1cd8ea875c1ca41eca876c0d0bac4d4f) Importer(815301076,1909f56bfc062723c751e8b465ee728b)
Start importing Assets/AstarPathfindingProject/ExampleScenes using Guid(1cd8ea875c1ca41eca876c0d0bac4d4f) Importer(815301076,1909f56bfc062723c751e8b465ee728b)  -> (artifact id: 'cd38c5fc0baff8250fb5404e3d2141a9') in 0.000572 seconds
Number of updated asset objects reloaded before import = 0
Number of asset objects unloaded after import = 0
========================================================================
Received Import Request.
  Time since last request: 4.809330 seconds.
  path: Assets/AstarPathfindingProject/Legacy
  artifactKey: Guid(45385c01efed0492ab6aa30a46ae3da6) Importer(815301076,1909f56bfc062723c751e8b465ee728b)
Start importing Assets/AstarPathfindingProject/Legacy using Guid(45385c01efed0492ab6aa30a46ae3da6) Importer(815301076,1909f56bfc062723c751e8b465ee728b)  -> (artifact id: 'ec036a064fb8168e9796be40da518d4d') in 0.000526 seconds
Number of updated asset objects reloaded before import = 0
Number of asset objects unloaded after import = 0
========================================================================
Received Import Request.
  Time since last request: 101.706076 seconds.
  path: Assets/com.seanba.super-tiled2unity/Editor/Config/SuperTiled2Unity_Config.cs
  artifactKey: Guid(73bf4b0030257904199f741dbf1abcdf) Importer(815301076,1909f56bfc062723c751e8b465ee728b)
Start importing Assets/com.seanba.super-tiled2unity/Editor/Config/SuperTiled2Unity_Config.cs using Guid(73bf4b0030257904199f741dbf1abcdf) Importer(815301076,1909f56bfc062723c751e8b465ee728b)  -> (artifact id: 'a666440c09ff1fa886d8a08b65dc9478') in 0.000723 seconds
Number of updated asset objects reloaded before import = 0
Number of asset objects unloaded after import = 0
========================================================================
Received Prepare
Begin MonoManager ReloadAssembly
- Loaded All Assemblies, in  0.511 seconds
Refreshing native plugins compatible for Editor in 8.48 ms, found 4 plugins.
Native extension for WindowsStandalone target not found
Native extension for Android target not found
[Package Manager] Server::EnsureServerProcessIsRunning -- launch failed, reason: Unity was launched with the -noUpm command-line argument
[Package Manager] UpmClient::Send -- Unable to send message (not connected to UPM process).
[Package Manager] Cannot connect to Unity Package Manager local server
Mono: successfully reloaded assembly
[Package Manager] Server::EnsureServerProcessIsRunning -- launch failed, reason: Unity was launched with the -noUpm command-line argument
[Package Manager] UpmClient::Send -- Unable to send message (not connected to UPM process).
[Package Manager] Cannot connect to Unity Package Manager local server
- Finished resetting the current domain, in  1.125 seconds
Domain Reload Profiling: 1631ms
	BeginReloadAssembly (160ms)
		ExecutionOrderSort (0ms)
		DisableScriptedObjects (9ms)
		BackupInstance (0ms)
		ReleaseScriptingObjects (0ms)
		CreateAndSetChildDomain (42ms)
	RebuildCommonClasses (38ms)
	RebuildNativeTypeToScriptingClass (13ms)
	initialDomainReloadingComplete (31ms)
	LoadAllAssembliesAndSetupDomain (264ms)
		LoadAssemblies (313ms)
		RebuildTransferFunctionScriptingTraits (0ms)
		AnalyzeDomain (30ms)
			TypeCache.Refresh (10ms)
				TypeCache.ScanAssembly (0ms)
			ScanForSourceGeneratedMonoScriptInfo (13ms)
			ResolveRequiredComponents (6ms)
	FinalizeReload (1126ms)
		ReleaseScriptCaches (0ms)
		RebuildScriptCaches (0ms)
		SetupLoadedEditorAssemblies (524ms)
			LogAssemblyErrors (0ms)
			InitializePlatformSupportModulesInManaged (23ms)
			SetLoadedEditorAssemblies (5ms)
			RefreshPlugins (0ms)
			BeforeProcessingInitializeOnLoad (80ms)
			ProcessInitializeOnLoadAttributes (377ms)
			ProcessInitializeOnLoadMethodAttributes (31ms)
			AfterProcessingInitializeOnLoad (8ms)
			EditorAssembliesLoaded (0ms)
		ExecutionOrderSort2 (0ms)
		AwakeInstancesAfterBackupRestoration (12ms)
Refreshing native plugins compatible for Editor in 6.90 ms, found 4 plugins.
Preloading 0 native plugins for Editor in 0.00 ms.
Unloading 4539 Unused Serialized files (Serialized files now loaded: 0)
Unloading 56 unused Assets / (393.6 KB). Loaded Objects now: 5016.
Memory consumption went from 150.2 MB to 149.9 MB.
Total: 3.956600 ms (FindLiveObjects: 0.292100 ms CreateObjectMapping: 0.164200 ms MarkObjects: 3.251300 ms  DeleteObjects: 0.248000 ms)

Prepare: number of updated asset objects reloaded= 0
AssetImportParameters requested are different than current active one (requested -> active):
  custom:container-demuxer-ogg: 62fdf1f143b41e24485cea50d1cbac27 -> 
  custom:video-decoder-ogg-theora: a1e56fd34408186e4bbccfd4996cb3dc -> 
  custom:framework-win-MediaFoundation: 216162199b28c13a410421893ffa2e32 -> 
  custom:CustomObjectIndexerAttribute: 756ad292c208cfabdd7b50bc23989ffe -> 
  custom:container-demuxer-webm: 4f35f7cbe854078d1ac9338744f61a02 -> 
  custom:container-muxer-webm: aa71ff27fc2769a1b78a27578f13a17b -> 
  custom:video-decoder-webm-vp8: 9c59270c3fd7afecdb556c50c9e8de78 -> 
  custom:SearchIndexIgnoredProperties: e643bd26f0fe6173181afceb89e7c659 -> 
  custom:AudioImporter_EditorPlatform: d09bf68614088b80899f8185d706f6e7 -> 
  custom:video-encoder-webm-vp8: eb34c28f22e8b96e1ab97ce403110664 -> 
  custom:audio-decoder-ogg-vorbis: bf7c407c2cedff20999df2af8eb42d56 -> 
  custom:audio-encoder-webm-vorbis: bf7c407c2cedff20999df2af8eb42d56 -> 
========================================================================
Received Import Request.
  Time since last request: 1626.294984 seconds.
  path: Assets/New Palette.prefab
  artifactKey: Guid(64305d7cb8a777d45b658e84d9644ae0) Importer(815301076,1909f56bfc062723c751e8b465ee728b)
Start importing Assets/New Palette.prefab using Guid(64305d7cb8a777d45b658e84d9644ae0) Importer(815301076,1909f56bfc062723c751e8b465ee728b)  -> (artifact id: '792a3575591184c93635830a1e265609') in 0.078879 seconds
Number of updated asset objects reloaded before import = 0
Number of asset objects unloaded after import = 10
========================================================================
Received Import Request.
  Time since last request: 8.748246 seconds.
  path: Assets/mapka-las/mapka-las/mapka.tmx
  artifactKey: Guid(16f61884a9203604d890eb3411696f53) Importer(815301076,1909f56bfc062723c751e8b465ee728b)
Start importing Assets/mapka-las/mapka-las/mapka.tmx using Guid(16f61884a9203604d890eb3411696f53) Importer(815301076,1909f56bfc062723c751e8b465ee728b)  -> (artifact id: 'd53fb45526c3dc255b91d574ece54277') in 0.403249 seconds
Number of updated asset objects reloaded before import = 0
Number of asset objects unloaded after import = 755
========================================================================
Received Import Request.
  Time since last request: 9.146071 seconds.
  path: Assets/Sprites
  artifactKey: Guid(3373fc6996fe40c41bd8da6ae13719c9) Importer(815301076,1909f56bfc062723c751e8b465ee728b)
Start importing Assets/Sprites using Guid(3373fc6996fe40c41bd8da6ae13719c9) Importer(815301076,1909f56bfc062723c751e8b465ee728b)  -> (artifact id: '9f2d03d2149568ff85ebae3a2dda3f21') in 0.001854 seconds
Number of updated asset objects reloaded before import = 0
Number of asset objects unloaded after import = 0
========================================================================
Received Import Request.
  Time since last request: 21.915693 seconds.
  path: Assets/Sprites/leaves.asset
  artifactKey: Guid(721a5c022e6b69d41adae88dd27e224f) Importer(815301076,1909f56bfc062723c751e8b465ee728b)
Start importing Assets/Sprites/leaves.asset using Guid(721a5c022e6b69d41adae88dd27e224f) Importer(815301076,1909f56bfc062723c751e8b465ee728b)  -> (artifact id: 'bab36ffa686e757a90d17c555a3346e4') in 0.024920 seconds
Number of updated asset objects reloaded before import = 0
Number of asset objects unloaded after import = 3
========================================================================
Received Import Request.
  Time since last request: 379.067697 seconds.
  path: Assets/New Palette.prefab
  artifactKey: Guid(64305d7cb8a777d45b658e84d9644ae0) Importer(815301076,1909f56bfc062723c751e8b465ee728b)
Start importing Assets/New Palette.prefab using Guid(64305d7cb8a777d45b658e84d9644ae0) Importer(815301076,1909f56bfc062723c751e8b465ee728b)  -> (artifact id: '3abf005616c00f44ec8f6a98cc2e8172') in 0.023849 seconds
Number of updated asset objects reloaded before import = 0
Number of asset objects unloaded after import = 12
========================================================================
Received Import Request.
  Time since last request: 4.838219 seconds.
  path: Assets/mapka-las/mapka-las/Tiny Swords (Update 010)/Terrain
  artifactKey: Guid(fd195f4fb935562488e51f1cfc52270f) Importer(815301076,1909f56bfc062723c751e8b465ee728b)
Start importing Assets/mapka-las/mapka-las/Tiny Swords (Update 010)/Terrain using Guid(fd195f4fb935562488e51f1cfc52270f) Importer(815301076,1909f56bfc062723c751e8b465ee728b)  -> (artifact id: '83034e86c4986b3b29a9f99045b4ce49') in 0.001881 seconds
Number of updated asset objects reloaded before import = 0
Number of asset objects unloaded after import = 0
========================================================================
Received Import Request.
  Time since last request: 1.230983 seconds.
  path: Assets/mapka-las/mapka-las/Tiny Swords (Update 010)/Terrain/Ground
  artifactKey: Guid(cd0d50aa19136dd42b04b3b7efb40c2d) Importer(815301076,1909f56bfc062723c751e8b465ee728b)
Start importing Assets/mapka-las/mapka-las/Tiny Swords (Update 010)/Terrain/Ground using Guid(cd0d50aa19136dd42b04b3b7efb40c2d) Importer(815301076,1909f56bfc062723c751e8b465ee728b)  -> (artifact id: 'c243ca0ac1ed2f166173bf835919ecee') in 0.000902 seconds
Number of updated asset objects reloaded before import = 0
Number of asset objects unloaded after import = 0
========================================================================
Received Import Request.
  Time since last request: 0.056316 seconds.
  path: Assets/mapka-las/mapka-las/Tiny Swords (Update 010)/Terrain/Ground/Shadows.png
  artifactKey: Guid(6751cec1753015b459076011850bc0f1) Importer(815301076,1909f56bfc062723c751e8b465ee728b)
Start importing Assets/mapka-las/mapka-las/Tiny Swords (Update 010)/Terrain/Ground/Shadows.png using Guid(6751cec1753015b459076011850bc0f1) Importer(815301076,1909f56bfc062723c751e8b465ee728b)  -> (artifact id: 'ea2d8ed2fc6fe4e099d7e4aaa8d0eda0') in 0.032360 seconds
Number of updated asset objects reloaded before import = 0
Number of asset objects unloaded after import = 3
========================================================================
Received Import Request.
  Time since last request: 0.000017 seconds.
  path: Assets/mapka-las/mapka-las/Tiny Swords (Update 010)/Terrain/Ground/Tilemap_Elevation1.png
  artifactKey: Guid(37e94488c51c06a47b7fd3c74563c8c4) Importer(815301076,1909f56bfc062723c751e8b465ee728b)
Start importing Assets/mapka-las/mapka-las/Tiny Swords (Update 010)/Terrain/Ground/Tilemap_Elevation1.png using Guid(37e94488c51c06a47b7fd3c74563c8c4) Importer(815301076,1909f56bfc062723c751e8b465ee728b)  -> (artifact id: '6e57b9c535429effeae75c900f4c2f7d') in 0.027839 seconds
Number of updated asset objects reloaded before import = 0
Number of asset objects unloaded after import = 4
========================================================================
Received Import Request.
  Time since last request: 0.000026 seconds.
  path: Assets/mapka-las/mapka-las/Tiny Swords (Update 010)/Terrain/Ground/Tilemap_Elevation6.png
  artifactKey: Guid(2261859cc99da41439df349e5550fa07) Importer(815301076,1909f56bfc062723c751e8b465ee728b)
Start importing Assets/mapka-las/mapka-las/Tiny Swords (Update 010)/Terrain/Ground/Tilemap_Elevation6.png using Guid(2261859cc99da41439df349e5550fa07) Importer(815301076,1909f56bfc062723c751e8b465ee728b)  -> (artifact id: '10ed97b217fc69474205d418f74c153c') in 0.029516 seconds
Number of updated asset objects reloaded before import = 0
Number of asset objects unloaded after import = 4
========================================================================
Received Import Request.
  Time since last request: 0.000018 seconds.
  path: Assets/mapka-las/mapka-las/Tiny Swords (Update 010)/Terrain/Ground/Tilemap_Elevation12.png
  artifactKey: Guid(a65772d7f69f39a4494883a2e6f7b593) Importer(815301076,1909f56bfc062723c751e8b465ee728b)
Start importing Assets/mapka-las/mapka-las/Tiny Swords (Update 010)/Terrain/Ground/Tilemap_Elevation12.png using Guid(a65772d7f69f39a4494883a2e6f7b593) Importer(815301076,1909f56bfc062723c751e8b465ee728b)  -> (artifact id: 'aba730fefdf8731df8e7e7691b22a5f7') in 0.027400 seconds
Number of updated asset objects reloaded before import = 0
Number of asset objects unloaded after import = 4
========================================================================
Received Import Request.
  Time since last request: 0.000020 seconds.
  path: Assets/mapka-las/mapka-las/Tiny Swords (Update 010)/Terrain/Ground/Tilemap_Elevation21.png
  artifactKey: Guid(fa08ec72c90227c4f8254d34f163e9ba) Importer(815301076,1909f56bfc062723c751e8b465ee728b)
Start importing Assets/mapka-las/mapka-las/Tiny Swords (Update 010)/Terrain/Ground/Tilemap_Elevation21.png using Guid(fa08ec72c90227c4f8254d34f163e9ba) Importer(815301076,1909f56bfc062723c751e8b465ee728b)  -> (artifact id: '8210b039a4eb7c2c7e61b846949cd43e') in 0.031527 seconds
Number of updated asset objects reloaded before import = 0
Number of asset objects unloaded after import = 4
========================================================================
Received Import Request.
  Time since last request: 0.000049 seconds.
  path: Assets/mapka-las/mapka-las/Tiny Swords (Update 010)/Terrain/Ground/Tilemap_Flat — kopia.png
  artifactKey: Guid(75b6893ecff67654ebe0a3bce772e843) Importer(815301076,1909f56bfc062723c751e8b465ee728b)
Start importing Assets/mapka-las/mapka-las/Tiny Swords (Update 010)/Terrain/Ground/Tilemap_Flat — kopia.png using Guid(75b6893ecff67654ebe0a3bce772e843) Importer(815301076,1909f56bfc062723c751e8b465ee728b)  -> (artifact id: '97d1b2721820555c376df44ca093217c') in 0.038737 seconds
Number of updated asset objects reloaded before import = 0
Number of asset objects unloaded after import = 4
========================================================================
Received Import Request.
  Time since last request: 0.000032 seconds.
  path: Assets/mapka-las/mapka-las/Tiny Swords (Update 010)/Terrain/Ground/Tilemap_Elevation22.png
  artifactKey: Guid(3146c4feed0b32143ade3d3a61afdcd9) Importer(815301076,1909f56bfc062723c751e8b465ee728b)
Start importing Assets/mapka-las/mapka-las/Tiny Swords (Update 010)/Terrain/Ground/Tilemap_Elevation22.png using Guid(3146c4feed0b32143ade3d3a61afdcd9) Importer(815301076,1909f56bfc062723c751e8b465ee728b)  -> (artifact id: '9649124e87815672fa74d2a7886bbadd') in 0.033939 seconds
Number of updated asset objects reloaded before import = 0
Number of asset objects unloaded after import = 4
========================================================================
Received Import Request.
  Time since last request: 0.000021 seconds.
  path: Assets/mapka-las/mapka-las/Tiny Swords (Update 010)/Terrain/Ground/Tilemap_Flat.png
  artifactKey: Guid(c48c9bc8a74aeed44b2b72d9f2662dd4) Importer(815301076,1909f56bfc062723c751e8b465ee728b)
Start importing Assets/mapka-las/mapka-las/Tiny Swords (Update 010)/Terrain/Ground/Tilemap_Flat.png using Guid(c48c9bc8a74aeed44b2b72d9f2662dd4) Importer(815301076,1909f56bfc062723c751e8b465ee728b)  -> (artifact id: '89a0d18dda776531b8abb1ccd2b57bc7') in 0.354289 seconds
Number of updated asset objects reloaded before import = 0
Number of asset objects unloaded after import = 162
========================================================================
Received Import Request.
  Time since last request: 0.000021 seconds.
  path: Assets/mapka-las/mapka-las/Tiny Swords (Update 010)/Terrain/Ground/Tilemap_Elevation — kopia.png
  artifactKey: Guid(7b6c074dad233b5448055cb352ada7fa) Importer(815301076,1909f56bfc062723c751e8b465ee728b)
Start importing Assets/mapka-las/mapka-las/Tiny Swords (Update 010)/Terrain/Ground/Tilemap_Elevation — kopia.png using Guid(7b6c074dad233b5448055cb352ada7fa) Importer(815301076,1909f56bfc062723c751e8b465ee728b)  -> (artifact id: '16cfbd2846c80a718243446d8fd0ba7b') in 0.039413 seconds
Number of updated asset objects reloaded before import = 0
Number of asset objects unloaded after import = 5
========================================================================
Received Import Request.
  Time since last request: 0.000027 seconds.
  path: Assets/mapka-las/mapka-las/Tiny Swords (Update 010)/Terrain/Ground/Tilemap_Elevation8.png
  artifactKey: Guid(60b6063ac0a34db4d9ee7b5d3d5924bc) Importer(815301076,1909f56bfc062723c751e8b465ee728b)
Start importing Assets/mapka-las/mapka-las/Tiny Swords (Update 010)/Terrain/Ground/Tilemap_Elevation8.png using Guid(60b6063ac0a34db4d9ee7b5d3d5924bc) Importer(815301076,1909f56bfc062723c751e8b465ee728b)  -> (artifact id: 'ab27c6acfc7ca0e52ea90410596ee186') in 0.028526 seconds
Number of updated asset objects reloaded before import = 0
Number of asset objects unloaded after import = 4
========================================================================
Received Import Request.
  Time since last request: 55.251333 seconds.
  path: Assets/New Palette.prefab
  artifactKey: Guid(64305d7cb8a777d45b658e84d9644ae0) Importer(815301076,1909f56bfc062723c751e8b465ee728b)
Start importing Assets/New Palette.prefab using Guid(64305d7cb8a777d45b658e84d9644ae0) Importer(815301076,1909f56bfc062723c751e8b465ee728b)  -> (artifact id: '21a6888a8d624682ca36819c2d5bc2a8') in 0.020032 seconds
Number of updated asset objects reloaded before import = 0
Number of asset objects unloaded after import = 13
